[[42 0 R /Fit ], [1 0 R /Fit ], [3 0 R /Fit ], [5 0 R /Fit ], [7 0 R /Fit ], [11 0 R /Fit ]]
