[[42 0 R /FitH 742 ], [1 0 R /FitH 731 ], [3 0 R /FitH 731 ], [5 0 R /FitH 731 ], [7 0 R /FitH 731 ], [11 0 R /FitH 731 ]]
