[[42 0 R /FitBH 742 ], [1 0 R /FitBH 731 ], [3 0 R /FitBH 731 ], [5 0 R /FitBH 731 ], [7 0 R /FitBH 731 ], [11 0 R /FitBH 731 ]]
