[[42 0 R /XYZ 742 null null ], [1 0 R /XYZ 731 null null ], [3 0 R /XYZ 731 null null ], [5 0 R /XYZ 731 null null ], [7 0 R /XYZ 731 null null ], [11 0 R /XYZ 731 null null ]]
