[[42 0 R /XYZ 742 null 1 ], [1 0 R /XYZ 731 null 1 ], [3 0 R /XYZ 731 null 1 ], [5 0 R /XYZ 731 null 1 ], [7 0 R /XYZ 731 null 1 ], [11 0 R /XYZ 731 null 1 ]]
